// Jest Snapshot v1, https://goo.gl/fbAQLP

exports[`Testing LoginCounselor renders as expected 1`] = `
ShallowWrapper {
  "length": 1,
  Symbol(enzyme.__root__): [Circular],
  Symbol(enzyme.__unrendered__): <LoginScreen
    asyncLoginCounselor={[Function]}
    isLoading={false}
    message_erro=""
  />,
  Symbol(enzyme.__renderer__): Object {
    "batchedUpdates": [Function],
    "getNode": [Function],
    "render": [Function],
    "simulateEvent": [Function],
    "unmount": [Function],
  },
  Symbol(enzyme.__node__): Object {
    "instance": null,
    "key": null,
    "nodeType": "class",
    "props": Object {
      "children": Array [
        <Header
          backButton={null}
          subTitle=""
          title="Merenda +"
        />,
        <View
          style={
            Object {
              "backgroundColor": "white",
              "flex": 6,
              "justifyContent": "center",
              "paddingHorizontal": 18,
            }
          }
        >
          <View
            style={
              Object {
                "alignItems": "center",
                "backgroundColor": "#FAFAFA",
                "borderColor": "gray",
                "borderRadius": 7,
                "borderWidth": 1,
                "flexDirection": "row",
                "paddingHorizontal": 2,
              }
            }
          >
            <Image
              source={1}
              style={
                Object {
                  "height": 30,
                  "margin": 5,
                  "width": 30,
                }
              }
            />
            <TextInput
              keyboardType="email-address"
              onChangeText={[Function]}
              onSubmitEditing={[Function]}
              placeholder="Email"
              returnKeyType="next"
              underlineColorAndroid="transparent"
              value={undefined}
              width={280}
            />
          </View>
          <View
            style={
              Object {
                "backgroundColor": "#FAFAFA",
                "borderColor": "gray",
                "borderRadius": 7,
                "borderWidth": 1,
                "flexDirection": "row",
                "justifyContent": "center",
                "marginTop": 30,
                "paddingHorizontal": 2,
              }
            }
          >
            <Image
              source={1}
              style={
                Object {
                  "height": 30,
                  "margin": 5,
                  "width": 30,
                }
              }
            />
            <TextInput
              onChangeText={[Function]}
              placeholder="Senha"
              returnKeyType="go"
              secureTextEntry={true}
              underlineColorAndroid="transparent"
              value={undefined}
              width={280}
            />
          </View>
          <TouchableOpacity
            activeOpacity={0.7}
            onPress={[Function]}
            style={
              Object {
                "alignItems": "center",
                "backgroundColor": "#FF9500",
                "borderRadius": 8,
                "borderWidth": 1,
                "marginTop": 50,
                "paddingVertical": 18,
              }
            }
          >
            <Text
              accessible={true}
              allowFontScaling={true}
              disabled={false}
              ellipsizeMode="tail"
              style={
                Object {
                  "color": "white",
                  "fontSize": 20,
                }
              }
            >
              Entrar
            </Text>
          </TouchableOpacity>
        </View>,
        <View
          style={
            Object {
              "alignItems": "center",
              "backgroundColor": "white",
              "borderTopColor": "#a9a9a9",
              "borderTopWidth": 1,
              "flex": 0.5,
              "justifyContent": "center",
            }
          }
        >
          <TouchableOpacity
            activeOpacity={0.6}
            onPress={[Function]}
          >
            <Text
              accessible={true}
              allowFontScaling={true}
              disabled={false}
              ellipsizeMode="tail"
            >
              Ainda n√£o se cadastrou?
              <Text
                accessible={true}
                allowFontScaling={true}
                disabled={false}
                ellipsizeMode="tail"
                style={
                  Object {
                    "color": "blue",
                  }
                }
              >
                 Cadastrar-se
              </Text>
            </Text>
          </TouchableOpacity>
        </View>,
      ],
      "style": Object {
        "flex": 1,
      },
    },
    "ref": null,
    "rendered": Array [
      Object {
        "instance": null,
        "key": null,
        "nodeType": "function",
        "props": Object {
          "backButton": null,
          "subTitle": "",
          "title": "Merenda +",
        },
        "ref": null,
        "rendered": null,
        "type": [Function],
      },
      Object {
        "instance": null,
        "key": null,
        "nodeType": "class",
        "props": Object {
          "children": Array [
            <View
              style={
                Object {
                  "alignItems": "center",
                  "backgroundColor": "#FAFAFA",
                  "borderColor": "gray",
                  "borderRadius": 7,
                  "borderWidth": 1,
                  "flexDirection": "row",
                  "paddingHorizontal": 2,
                }
              }
            >
              <Image
                source={1}
                style={
                  Object {
                    "height": 30,
                    "margin": 5,
                    "width": 30,
                  }
                }
              />
              <TextInput
                keyboardType="email-address"
                onChangeText={[Function]}
                onSubmitEditing={[Function]}
                placeholder="Email"
                returnKeyType="next"
                underlineColorAndroid="transparent"
                value={undefined}
                width={280}
              />
            </View>,
            <View
              style={
                Object {
                  "backgroundColor": "#FAFAFA",
                  "borderColor": "gray",
                  "borderRadius": 7,
                  "borderWidth": 1,
                  "flexDirection": "row",
                  "justifyContent": "center",
                  "marginTop": 30,
                  "paddingHorizontal": 2,
                }
              }
            >
              <Image
                source={1}
                style={
                  Object {
                    "height": 30,
                    "margin": 5,
                    "width": 30,
                  }
                }
              />
              <TextInput
                onChangeText={[Function]}
                placeholder="Senha"
                returnKeyType="go"
                secureTextEntry={true}
                underlineColorAndroid="transparent"
                value={undefined}
                width={280}
              />
            </View>,
            <TouchableOpacity
              activeOpacity={0.7}
              onPress={[Function]}
              style={
                Object {
                  "alignItems": "center",
                  "backgroundColor": "#FF9500",
                  "borderRadius": 8,
                  "borderWidth": 1,
                  "marginTop": 50,
                  "paddingVertical": 18,
                }
              }
            >
              <Text
                accessible={true}
                allowFontScaling={true}
                disabled={false}
                ellipsizeMode="tail"
                style={
                  Object {
                    "color": "white",
                    "fontSize": 20,
                  }
                }
              >
                Entrar
              </Text>
            </TouchableOpacity>,
          ],
          "style": Object {
            "backgroundColor": "white",
            "flex": 6,
            "justifyContent": "center",
            "paddingHorizontal": 18,
          },
        },
        "ref": null,
        "rendered": Array [
          Object {
            "instance": null,
            "key": null,
            "nodeType": "class",
            "props": Object {
              "children": Array [
                <Image
                  source={1}
                  style={
                    Object {
                      "height": 30,
                      "margin": 5,
                      "width": 30,
                    }
                  }
                />,
                <TextInput
                  keyboardType="email-address"
                  onChangeText={[Function]}
                  onSubmitEditing={[Function]}
                  placeholder="Email"
                  returnKeyType="next"
                  underlineColorAndroid="transparent"
                  value={undefined}
                  width={280}
                />,
              ],
              "style": Object {
                "alignItems": "center",
                "backgroundColor": "#FAFAFA",
                "borderColor": "gray",
                "borderRadius": 7,
                "borderWidth": 1,
                "flexDirection": "row",
                "paddingHorizontal": 2,
              },
            },
            "ref": null,
            "rendered": Array [
              Object {
                "instance": null,
                "key": null,
                "nodeType": "class",
                "props": Object {
                  "source": 1,
                  "style": Object {
                    "height": 30,
                    "margin": 5,
                    "width": 30,
                  },
                },
                "ref": null,
                "rendered": null,
                "type": [Function],
              },
              Object {
                "instance": null,
                "key": null,
                "nodeType": "class",
                "props": Object {
                  "keyboardType": "email-address",
                  "onChangeText": [Function],
                  "onSubmitEditing": [Function],
                  "placeholder": "Email",
                  "returnKeyType": "next",
                  "underlineColorAndroid": "transparent",
                  "value": undefined,
                  "width": 280,
                },
                "ref": null,
                "rendered": null,
                "type": [Function],
              },
            ],
            "type": [Function],
          },
          Object {
            "instance": null,
            "key": null,
            "nodeType": "class",
            "props": Object {
              "children": Array [
                <Image
                  source={1}
                  style={
                    Object {
                      "height": 30,
                      "margin": 5,
                      "width": 30,
                    }
                  }
                />,
                <TextInput
                  onChangeText={[Function]}
                  placeholder="Senha"
                  returnKeyType="go"
                  secureTextEntry={true}
                  underlineColorAndroid="transparent"
                  value={undefined}
                  width={280}
                />,
              ],
              "style": Object {
                "backgroundColor": "#FAFAFA",
                "borderColor": "gray",
                "borderRadius": 7,
                "borderWidth": 1,
                "flexDirection": "row",
                "justifyContent": "center",
                "marginTop": 30,
                "paddingHorizontal": 2,
              },
            },
            "ref": null,
            "rendered": Array [
              Object {
                "instance": null,
                "key": null,
                "nodeType": "class",
                "props": Object {
                  "source": 1,
                  "style": Object {
                    "height": 30,
                    "margin": 5,
                    "width": 30,
                  },
                },
                "ref": null,
                "rendered": null,
                "type": [Function],
              },
              Object {
                "instance": null,
                "key": null,
                "nodeType": "class",
                "props": Object {
                  "onChangeText": [Function],
                  "placeholder": "Senha",
                  "returnKeyType": "go",
                  "secureTextEntry": true,
                  "underlineColorAndroid": "transparent",
                  "value": undefined,
                  "width": 280,
                },
                "ref": [Function],
                "rendered": null,
                "type": [Function],
              },
            ],
            "type": [Function],
          },
          Object {
            "instance": null,
            "key": "LoginCounselor",
            "nodeType": "class",
            "props": Object {
              "activeOpacity": 0.7,
              "children": <Text
                accessible={true}
                allowFontScaling={true}
                disabled={false}
                ellipsizeMode="tail"
                style={
                  Object {
                    "color": "white",
                    "fontSize": 20,
                  }
                }
              >
                Entrar
              </Text>,
              "onPress": [Function],
              "style": Object {
                "alignItems": "center",
                "backgroundColor": "#FF9500",
                "borderRadius": 8,
                "borderWidth": 1,
                "marginTop": 50,
                "paddingVertical": 18,
              },
            },
            "ref": null,
            "rendered": Object {
              "instance": null,
              "key": null,
              "nodeType": "class",
              "props": Object {
                "accessible": true,
                "allowFontScaling": true,
                "children": "Entrar",
                "disabled": false,
                "ellipsizeMode": "tail",
                "style": Object {
                  "color": "white",
                  "fontSize": 20,
                },
              },
              "ref": null,
              "rendered": "Entrar",
              "type": [Function],
            },
            "type": [Function],
          },
        ],
        "type": [Function],
      },
      Object {
        "instance": null,
        "key": null,
        "nodeType": "class",
        "props": Object {
          "children": <TouchableOpacity
            activeOpacity={0.6}
            onPress={[Function]}
          >
            <Text
              accessible={true}
              allowFontScaling={true}
              disabled={false}
              ellipsizeMode="tail"
            >
              Ainda n√£o se cadastrou?
              <Text
                accessible={true}
                allowFontScaling={true}
                disabled={false}
                ellipsizeMode="tail"
                style={
                  Object {
                    "color": "blue",
                  }
                }
              >
                 Cadastrar-se
              </Text>
            </Text>
          </TouchableOpacity>,
          "style": Object {
            "alignItems": "center",
            "backgroundColor": "white",
            "borderTopColor": "#a9a9a9",
            "borderTopWidth": 1,
            "flex": 0.5,
            "justifyContent": "center",
          },
        },
        "ref": null,
        "rendered": Object {
          "instance": null,
          "key": null,
          "nodeType": "class",
          "props": Object {
            "activeOpacity": 0.6,
            "children": <Text
              accessible={true}
              allowFontScaling={true}
              disabled={false}
              ellipsizeMode="tail"
            >
              Ainda n√£o se cadastrou?
              <Text
                accessible={true}
                allowFontScaling={true}
                disabled={false}
                ellipsizeMode="tail"
                style={
                  Object {
                    "color": "blue",
                  }
                }
              >
                 Cadastrar-se
              </Text>
            </Text>,
            "onPress": [Function],
          },
          "ref": null,
          "rendered": Object {
            "instance": null,
            "key": null,
            "nodeType": "class",
            "props": Object {
              "accessible": true,
              "allowFontScaling": true,
              "children": Array [
                "Ainda n√£o se cadastrou?",
                <Text
                  accessible={true}
                  allowFontScaling={true}
                  disabled={false}
                  ellipsizeMode="tail"
                  style={
                    Object {
                      "color": "blue",
                    }
                  }
                >
                   Cadastrar-se
                </Text>,
              ],
              "disabled": false,
              "ellipsizeMode": "tail",
            },
            "ref": null,
            "rendered": Array [
              "Ainda n√£o se cadastrou?",
              Object {
                "instance": null,
                "key": null,
                "nodeType": "class",
                "props": Object {
                  "accessible": true,
                  "allowFontScaling": true,
                  "children": " Cadastrar-se",
                  "disabled": false,
                  "ellipsizeMode": "tail",
                  "style": Object {
                    "color": "blue",
                  },
                },
                "ref": null,
                "rendered": " Cadastrar-se",
                "type": [Function],
              },
            ],
            "type": [Function],
          },
          "type": [Function],
        },
        "type": [Function],
      },
    ],
    "type": [Function],
  },
  Symbol(enzyme.__nodes__): Array [
    Object {
      "instance": null,
      "key": null,
      "nodeType": "class",
      "props": Object {
        "children": Array [
          <Header
            backButton={null}
            subTitle=""
            title="Merenda +"
          />,
          <View
            style={
              Object {
                "backgroundColor": "white",
                "flex": 6,
                "justifyContent": "center",
                "paddingHorizontal": 18,
              }
            }
          >
            <View
              style={
                Object {
                  "alignItems": "center",
                  "backgroundColor": "#FAFAFA",
                  "borderColor": "gray",
                  "borderRadius": 7,
                  "borderWidth": 1,
                  "flexDirection": "row",
                  "paddingHorizontal": 2,
                }
              }
            >
              <Image
                source={1}
                style={
                  Object {
                    "height": 30,
                    "margin": 5,
                    "width": 30,
                  }
                }
              />
              <TextInput
                keyboardType="email-address"
                onChangeText={[Function]}
                onSubmitEditing={[Function]}
                placeholder="Email"
                returnKeyType="next"
                underlineColorAndroid="transparent"
                value={undefined}
                width={280}
              />
            </View>
            <View
              style={
                Object {
                  "backgroundColor": "#FAFAFA",
                  "borderColor": "gray",
                  "borderRadius": 7,
                  "borderWidth": 1,
                  "flexDirection": "row",
                  "justifyContent": "center",
                  "marginTop": 30,
                  "paddingHorizontal": 2,
                }
              }
            >
              <Image
                source={1}
                style={
                  Object {
                    "height": 30,
                    "margin": 5,
                    "width": 30,
                  }
                }
              />
              <TextInput
                onChangeText={[Function]}
                placeholder="Senha"
                returnKeyType="go"
                secureTextEntry={true}
                underlineColorAndroid="transparent"
                value={undefined}
                width={280}
              />
            </View>
            <TouchableOpacity
              activeOpacity={0.7}
              onPress={[Function]}
              style={
                Object {
                  "alignItems": "center",
                  "backgroundColor": "#FF9500",
                  "borderRadius": 8,
                  "borderWidth": 1,
                  "marginTop": 50,
                  "paddingVertical": 18,
                }
              }
            >
              <Text
                accessible={true}
                allowFontScaling={true}
                disabled={false}
                ellipsizeMode="tail"
                style={
                  Object {
                    "color": "white",
                    "fontSize": 20,
                  }
                }
              >
                Entrar
              </Text>
            </TouchableOpacity>
          </View>,
          <View
            style={
              Object {
                "alignItems": "center",
                "backgroundColor": "white",
                "borderTopColor": "#a9a9a9",
                "borderTopWidth": 1,
                "flex": 0.5,
                "justifyContent": "center",
              }
            }
          >
            <TouchableOpacity
              activeOpacity={0.6}
              onPress={[Function]}
            >
              <Text
                accessible={true}
                allowFontScaling={true}
                disabled={false}
                ellipsizeMode="tail"
              >
                Ainda n√£o se cadastrou?
                <Text
                  accessible={true}
                  allowFontScaling={true}
                  disabled={false}
                  ellipsizeMode="tail"
                  style={
                    Object {
                      "color": "blue",
                    }
                  }
                >
                   Cadastrar-se
                </Text>
              </Text>
            </TouchableOpacity>
          </View>,
        ],
        "style": Object {
          "flex": 1,
        },
      },
      "ref": null,
      "rendered": Array [
        Object {
          "instance": null,
          "key": null,
          "nodeType": "function",
          "props": Object {
            "backButton": null,
            "subTitle": "",
            "title": "Merenda +",
          },
          "ref": null,
          "rendered": null,
          "type": [Function],
        },
        Object {
          "instance": null,
          "key": null,
          "nodeType": "class",
          "props": Object {
            "children": Array [
              <View
                style={
                  Object {
                    "alignItems": "center",
                    "backgroundColor": "#FAFAFA",
                    "borderColor": "gray",
                    "borderRadius": 7,
                    "borderWidth": 1,
                    "flexDirection": "row",
                    "paddingHorizontal": 2,
                  }
                }
              >
                <Image
                  source={1}
                  style={
                    Object {
                      "height": 30,
                      "margin": 5,
                      "width": 30,
                    }
                  }
                />
                <TextInput
                  keyboardType="email-address"
                  onChangeText={[Function]}
                  onSubmitEditing={[Function]}
                  placeholder="Email"
                  returnKeyType="next"
                  underlineColorAndroid="transparent"
                  value={undefined}
                  width={280}
                />
              </View>,
              <View
                style={
                  Object {
                    "backgroundColor": "#FAFAFA",
                    "borderColor": "gray",
                    "borderRadius": 7,
                    "borderWidth": 1,
                    "flexDirection": "row",
                    "justifyContent": "center",
                    "marginTop": 30,
                    "paddingHorizontal": 2,
                  }
                }
              >
                <Image
                  source={1}
                  style={
                    Object {
                      "height": 30,
                      "margin": 5,
                      "width": 30,
                    }
                  }
                />
                <TextInput
                  onChangeText={[Function]}
                  placeholder="Senha"
                  returnKeyType="go"
                  secureTextEntry={true}
                  underlineColorAndroid="transparent"
                  value={undefined}
                  width={280}
                />
              </View>,
              <TouchableOpacity
                activeOpacity={0.7}
                onPress={[Function]}
                style={
                  Object {
                    "alignItems": "center",
                    "backgroundColor": "#FF9500",
                    "borderRadius": 8,
                    "borderWidth": 1,
                    "marginTop": 50,
                    "paddingVertical": 18,
                  }
                }
              >
                <Text
                  accessible={true}
                  allowFontScaling={true}
                  disabled={false}
                  ellipsizeMode="tail"
                  style={
                    Object {
                      "color": "white",
                      "fontSize": 20,
                    }
                  }
                >
                  Entrar
                </Text>
              </TouchableOpacity>,
            ],
            "style": Object {
              "backgroundColor": "white",
              "flex": 6,
              "justifyContent": "center",
              "paddingHorizontal": 18,
            },
          },
          "ref": null,
          "rendered": Array [
            Object {
              "instance": null,
              "key": null,
              "nodeType": "class",
              "props": Object {
                "children": Array [
                  <Image
                    source={1}
                    style={
                      Object {
                        "height": 30,
                        "margin": 5,
                        "width": 30,
                      }
                    }
                  />,
                  <TextInput
                    keyboardType="email-address"
                    onChangeText={[Function]}
                    onSubmitEditing={[Function]}
                    placeholder="Email"
                    returnKeyType="next"
                    underlineColorAndroid="transparent"
                    value={undefined}
                    width={280}
                  />,
                ],
                "style": Object {
                  "alignItems": "center",
                  "backgroundColor": "#FAFAFA",
                  "borderColor": "gray",
                  "borderRadius": 7,
                  "borderWidth": 1,
                  "flexDirection": "row",
                  "paddingHorizontal": 2,
                },
              },
              "ref": null,
              "rendered": Array [
                Object {
                  "instance": null,
                  "key": null,
                  "nodeType": "class",
                  "props": Object {
                    "source": 1,
                    "style": Object {
                      "height": 30,
                      "margin": 5,
                      "width": 30,
                    },
                  },
                  "ref": null,
                  "rendered": null,
                  "type": [Function],
                },
                Object {
                  "instance": null,
                  "key": null,
                  "nodeType": "class",
                  "props": Object {
                    "keyboardType": "email-address",
                    "onChangeText": [Function],
                    "onSubmitEditing": [Function],
                    "placeholder": "Email",
                    "returnKeyType": "next",
                    "underlineColorAndroid": "transparent",
                    "value": undefined,
                    "width": 280,
                  },
                  "ref": null,
                  "rendered": null,
                  "type": [Function],
                },
              ],
              "type": [Function],
            },
            Object {
              "instance": null,
              "key": null,
              "nodeType": "class",
              "props": Object {
                "children": Array [
                  <Image
                    source={1}
                    style={
                      Object {
                        "height": 30,
                        "margin": 5,
                        "width": 30,
                      }
                    }
                  />,
                  <TextInput
                    onChangeText={[Function]}
                    placeholder="Senha"
                    returnKeyType="go"
                    secureTextEntry={true}
                    underlineColorAndroid="transparent"
                    value={undefined}
                    width={280}
                  />,
                ],
                "style": Object {
                  "backgroundColor": "#FAFAFA",
                  "borderColor": "gray",
                  "borderRadius": 7,
                  "borderWidth": 1,
                  "flexDirection": "row",
                  "justifyContent": "center",
                  "marginTop": 30,
                  "paddingHorizontal": 2,
                },
              },
              "ref": null,
              "rendered": Array [
                Object {
                  "instance": null,
                  "key": null,
                  "nodeType": "class",
                  "props": Object {
                    "source": 1,
                    "style": Object {
                      "height": 30,
                      "margin": 5,
                      "width": 30,
                    },
                  },
                  "ref": null,
                  "rendered": null,
                  "type": [Function],
                },
                Object {
                  "instance": null,
                  "key": null,
                  "nodeType": "class",
                  "props": Object {
                    "onChangeText": [Function],
                    "placeholder": "Senha",
                    "returnKeyType": "go",
                    "secureTextEntry": true,
                    "underlineColorAndroid": "transparent",
                    "value": undefined,
                    "width": 280,
                  },
                  "ref": [Function],
                  "rendered": null,
                  "type": [Function],
                },
              ],
              "type": [Function],
            },
            Object {
              "instance": null,
              "key": "LoginCounselor",
              "nodeType": "class",
              "props": Object {
                "activeOpacity": 0.7,
                "children": <Text
                  accessible={true}
                  allowFontScaling={true}
                  disabled={false}
                  ellipsizeMode="tail"
                  style={
                    Object {
                      "color": "white",
                      "fontSize": 20,
                    }
                  }
                >
                  Entrar
                </Text>,
                "onPress": [Function],
                "style": Object {
                  "alignItems": "center",
                  "backgroundColor": "#FF9500",
                  "borderRadius": 8,
                  "borderWidth": 1,
                  "marginTop": 50,
                  "paddingVertical": 18,
                },
              },
              "ref": null,
              "rendered": Object {
                "instance": null,
                "key": null,
                "nodeType": "class",
                "props": Object {
                  "accessible": true,
                  "allowFontScaling": true,
                  "children": "Entrar",
                  "disabled": false,
                  "ellipsizeMode": "tail",
                  "style": Object {
                    "color": "white",
                    "fontSize": 20,
                  },
                },
                "ref": null,
                "rendered": "Entrar",
                "type": [Function],
              },
              "type": [Function],
            },
          ],
          "type": [Function],
        },
        Object {
          "instance": null,
          "key": null,
          "nodeType": "class",
          "props": Object {
            "children": <TouchableOpacity
              activeOpacity={0.6}
              onPress={[Function]}
            >
              <Text
                accessible={true}
                allowFontScaling={true}
                disabled={false}
                ellipsizeMode="tail"
              >
                Ainda n√£o se cadastrou?
                <Text
                  accessible={true}
                  allowFontScaling={true}
                  disabled={false}
                  ellipsizeMode="tail"
                  style={
                    Object {
                      "color": "blue",
                    }
                  }
                >
                   Cadastrar-se
                </Text>
              </Text>
            </TouchableOpacity>,
            "style": Object {
              "alignItems": "center",
              "backgroundColor": "white",
              "borderTopColor": "#a9a9a9",
              "borderTopWidth": 1,
              "flex": 0.5,
              "justifyContent": "center",
            },
          },
          "ref": null,
          "rendered": Object {
            "instance": null,
            "key": null,
            "nodeType": "class",
            "props": Object {
              "activeOpacity": 0.6,
              "children": <Text
                accessible={true}
                allowFontScaling={true}
                disabled={false}
                ellipsizeMode="tail"
              >
                Ainda n√£o se cadastrou?
                <Text
                  accessible={true}
                  allowFontScaling={true}
                  disabled={false}
                  ellipsizeMode="tail"
                  style={
                    Object {
                      "color": "blue",
                    }
                  }
                >
                   Cadastrar-se
                </Text>
              </Text>,
              "onPress": [Function],
            },
            "ref": null,
            "rendered": Object {
              "instance": null,
              "key": null,
              "nodeType": "class",
              "props": Object {
                "accessible": true,
                "allowFontScaling": true,
                "children": Array [
                  "Ainda n√£o se cadastrou?",
                  <Text
                    accessible={true}
                    allowFontScaling={true}
                    disabled={false}
                    ellipsizeMode="tail"
                    style={
                      Object {
                        "color": "blue",
                      }
                    }
                  >
                     Cadastrar-se
                  </Text>,
                ],
                "disabled": false,
                "ellipsizeMode": "tail",
              },
              "ref": null,
              "rendered": Array [
                "Ainda n√£o se cadastrou?",
                Object {
                  "instance": null,
                  "key": null,
                  "nodeType": "class",
                  "props": Object {
                    "accessible": true,
                    "allowFontScaling": true,
                    "children": " Cadastrar-se",
                    "disabled": false,
                    "ellipsizeMode": "tail",
                    "style": Object {
                      "color": "blue",
                    },
                  },
                  "ref": null,
                  "rendered": " Cadastrar-se",
                  "type": [Function],
                },
              ],
              "type": [Function],
            },
            "type": [Function],
          },
          "type": [Function],
        },
      ],
      "type": [Function],
    },
  ],
  Symbol(enzyme.__options__): Object {
    "adapter": ReactSixteenAdapter {
      "options": Object {
        "enableComponentDidUpdateOnSetState": true,
      },
    },
    "context": Object {
      "store": Object {
        "clearActions": [Function],
        "dispatch": [Function],
        "getActions": [Function],
        "getState": [Function],
        "replaceReducer": [Function],
        "subscribe": [Function],
      },
    },
  },
}
`;
