// Jest Snapshot v1, https://goo.gl/fbAQLP

exports[`Testing DocCheckout Screen renders as expected 1`] = `
<View
  style={
    Object {
      "backgroundColor": "white",
      "flex": 1,
    }
  }
>
  <Header
    backButton={true}
    subTitle=""
    title="Relatórios"
  />
  <ScrollViewMock>
    <View>
      <View
        style={
          Object {
            "flexDirection": "row",
            "paddingTop": 40,
          }
        }
      >
        <TouchableOpacity
          activeOpacity={0.2}
          onPress={[Function]}
        >
          <Text
            accessible={true}
            allowFontScaling={true}
            disabled={false}
            ellipsizeMode="tail"
            style={
              Object {
                "color": "blue",
                "fontSize": 20,
                "paddingLeft": 20,
                "paddingRight": 10,
                "paddingTop": 5,
              }
            }
          >
            Cozinha
          </Text>
        </TouchableOpacity>
      </View>
      <View
        style={
          Object {
            "flexDirection": "row",
            "paddingTop": 40,
          }
        }
      >
        <TouchableOpacity
          activeOpacity={0.2}
          onPress={[Function]}
        >
          <Text
            accessible={true}
            allowFontScaling={true}
            disabled={false}
            ellipsizeMode="tail"
            style={
              Object {
                "color": "blue",
                "fontSize": 20,
                "paddingLeft": 20,
                "paddingRight": 10,
                "paddingTop": 5,
              }
            }
          >
            Refeitório
          </Text>
        </TouchableOpacity>
      </View>
      <View
        style={
          Object {
            "flexDirection": "row",
            "paddingTop": 40,
          }
        }
      >
        <TouchableOpacity
          activeOpacity={0.2}
          onPress={[Function]}
        >
          <Text
            accessible={true}
            allowFontScaling={true}
            disabled={false}
            ellipsizeMode="tail"
            style={
              Object {
                "color": "blue",
                "fontSize": 20,
                "paddingLeft": 20,
                "paddingRight": 10,
                "paddingTop": 5,
              }
            }
          >
            Documentação
          </Text>
        </TouchableOpacity>
      </View>
      <View
        style={
          Object {
            "flexDirection": "row",
            "paddingTop": 40,
          }
        }
      >
        <TouchableOpacity
          activeOpacity={0.2}
          onPress={[Function]}
        >
          <Text
            accessible={true}
            allowFontScaling={true}
            disabled={false}
            ellipsizeMode="tail"
            style={
              Object {
                "color": "blue",
                "fontSize": 20,
                "paddingLeft": 20,
                "paddingRight": 10,
                "paddingTop": 5,
              }
            }
          >
            Arredores da Escola
          </Text>
        </TouchableOpacity>
      </View>
      <View
        style={
          Object {
            "flexDirection": "row",
            "paddingTop": 40,
          }
        }
      >
        <TouchableOpacity
          activeOpacity={0.2}
          onPress={[Function]}
        >
          <Text
            accessible={true}
            allowFontScaling={true}
            disabled={false}
            ellipsizeMode="tail"
            style={
              Object {
                "color": "blue",
                "fontSize": 20,
                "paddingLeft": 20,
                "paddingRight": 10,
                "paddingTop": 5,
              }
            }
          >
            Estoque de Alimentos
          </Text>
        </TouchableOpacity>
      </View>
      <View
        style={
          Object {
            "flexDirection": "row",
            "paddingTop": 40,
          }
        }
      >
        <TouchableOpacity
          activeOpacity={0.2}
          onPress={[Function]}
        >
          <Text
            accessible={true}
            allowFontScaling={true}
            disabled={false}
            ellipsizeMode="tail"
            style={
              Object {
                "color": "blue",
                "fontSize": 20,
                "paddingLeft": 20,
                "paddingRight": 10,
                "paddingTop": 5,
              }
            }
          >
            Qualidade da Alimentação
          </Text>
        </TouchableOpacity>
      </View>
      <View
        style={
          Object {
            "flexDirection": "row",
            "paddingTop": 40,
          }
        }
      >
        <TouchableOpacity
          activeOpacity={0.2}
          onPress={[Function]}
        >
          <Text
            accessible={true}
            allowFontScaling={true}
            disabled={false}
            ellipsizeMode="tail"
            style={
              Object {
                "color": "blue",
                "fontSize": 20,
                "paddingLeft": 20,
                "paddingRight": 10,
                "paddingTop": 5,
              }
            }
          >
            Manipuladores de Alimentos
          </Text>
        </TouchableOpacity>
      </View>
      <View
        style={
          Object {
            "flexDirection": "row",
            "paddingTop": 40,
          }
        }
      >
        <TouchableOpacity
          activeOpacity={0.2}
          onPress={[Function]}
        >
          <Text
            accessible={true}
            allowFontScaling={true}
            disabled={false}
            ellipsizeMode="tail"
            style={
              Object {
                "color": "blue",
                "fontSize": 20,
                "paddingLeft": 20,
                "paddingRight": 10,
                "paddingTop": 5,
              }
            }
          >
            Abastecimento de Água e Esgoto
          </Text>
        </TouchableOpacity>
      </View>
      <View
        style={
          Object {
            "flexDirection": "row",
            "paddingTop": 40,
          }
        }
      >
        <TouchableOpacity
          activeOpacity={0.2}
          onPress={[Function]}
        >
          <Text
            accessible={true}
            allowFontScaling={true}
            disabled={false}
            ellipsizeMode="tail"
            style={
              Object {
                "color": "blue",
                "fontSize": 20,
                "paddingLeft": 20,
                "paddingRight": 10,
                "paddingTop": 5,
              }
            }
          >
            Preparação e Distribuição de Alimentos
          </Text>
        </TouchableOpacity>
      </View>
      <View
        style={
          Object {
            "flexDirection": "row",
            "paddingTop": 40,
          }
        }
      >
        <TouchableOpacity
          activeOpacity={0.2}
          onPress={[Function]}
        >
          <Text
            accessible={true}
            allowFontScaling={true}
            disabled={false}
            ellipsizeMode="tail"
            style={
              Object {
                "color": "blue",
                "fontSize": 20,
                "paddingLeft": 20,
                "paddingRight": 10,
                "paddingTop": 5,
              }
            }
          >
            + Outras informações
          </Text>
        </TouchableOpacity>
      </View>
      <TouchableOpacity
        activeOpacity={0.2}
        style={
          Object {
            "backgroundColor": "#FF9500",
            "borderRadius": 7,
            "borderWidth": 1,
            "marginBottom": 20,
            "marginHorizontal": 15,
            "marginTop": 30,
            "paddingVertical": 10,
          }
        }
      >
        <Text
          accessible={true}
          allowFontScaling={true}
          disabled={false}
          ellipsizeMode="tail"
          style={
            Object {
              "color": "#FFF",
              "textAlign": "center",
            }
          }
        >
          Anexar fotos
        </Text>
      </TouchableOpacity>
      <TouchableOpacity
        activeOpacity={0.2}
        style={
          Object {
            "backgroundColor": "#FF9500",
            "borderRadius": 7,
            "borderWidth": 1,
            "justifyContent": "flex-end",
            "marginBottom": 20,
            "marginHorizontal": 15,
            "marginTop": 30,
            "paddingVertical": 10,
          }
        }
      >
        <Text
          accessible={true}
          allowFontScaling={true}
          disabled={false}
          ellipsizeMode="tail"
          style={
            Object {
              "color": "#FFF",
              "textAlign": "center",
            }
          }
        >
          Gerar Relatório Final
        </Text>
      </TouchableOpacity>
    </View>
  </ScrollViewMock>
</View>
`;
