// Jest Snapshot v1, https://goo.gl/fbAQLP

exports[`Testing PrincipalManageRegister Screen renders as expected 1`] = `
<TabViewAnimated
  initialLayout={
    Object {
      "height": 0,
      "width": 0,
    }
  }
  navigationState={
    Object {
      "index": 0,
      "routes": Array [
        Object {
          "key": "first",
          "title": "NÃ£o gerenciados",
        },
        Object {
          "key": "second",
          "title": "Validados",
        },
      ],
    }
  }
  onIndexChange={[Function]}
  renderFooter={[Function]}
  renderHeader={[Function]}
  renderPager={[Function]}
  renderScene={[Function]}
  style={
    Object {
      "flex": 1,
    }
  }
/>
`;
