// Jest Snapshot v1, https://goo.gl/fbAQLP

exports[`Testing SchoolInfoScreen renders as expected 1`] = `
<View
  style={
    Object {
      "backgroundColor": "white",
      "flex": 1,
    }
  }
>
  <View
    style={
      Object {
        "alignItems": "center",
        "backgroundColor": "#FF9500",
        "borderBottomColor": "black",
        "borderBottomWidth": 1,
        "flex": 1,
        "flexDirection": "row",
        "justifyContent": "center",
        "padding": 20,
      }
    }
  >
    <TouchableOpacity
      activeOpacity={0.2}
      onPress={[Function]}
    >
      <Icon
        allowFontScaling={false}
        color="black"
        name="ios-arrow-back-outline"
        size={45}
        style={
          Object {
            "margin": 8,
          }
        }
      />
    </TouchableOpacity>
    <Text
      accessible={true}
      allowFontScaling={true}
      disabled={false}
      ellipsizeMode="tail"
      style={
        Object {
          "color": "white",
          "flex": 1,
          "fontSize": 30,
          "fontWeight": "bold",
          "textAlign": "center",
        }
      }
    >
      Pesquisar Escola
    </Text>
    <TouchableOpacity
      activeOpacity={0.2}
      onPress={[Function]}
    >
      <Icon
        allowFontScaling={false}
        name="navicon"
        size={32}
      />
    </TouchableOpacity>
  </View>
  <View
    style={
      Object {
        "alignItems": "center",
        "flex": 10,
      }
    }
  >
    <View
      style={
        Object {
          "flex": 3,
        }
      }
    >
      <View
        style={
          Object {
            "alignItems": "center",
            "backgroundColor": "#FAFAFA",
            "borderColor": "gray",
            "borderRadius": 7,
            "borderWidth": 1,
            "flexDirection": "row",
            "justifyContent": "center",
            "marginTop": 20,
            "paddingLeft": 2,
          }
        }
      >
        <Icon
          allowFontScaling={false}
          color="black"
          name="location-city"
          size={32}
          style={
            Object {
              "margin": 8,
            }
          }
        />
        <TextInput
          keyboardType="default"
          maxLength={50}
          onChangeText={[Function]}
          placeholder="Estado/MunicÃ­pio"
          returnKeyType="go"
          underlineColorAndroid="transparent"
          value=""
          width={280}
        />
      </View>
      <View
        style={
          Object {
            "alignItems": "center",
            "backgroundColor": "#FAFAFA",
            "borderColor": "gray",
            "borderRadius": 7,
            "borderWidth": 1,
            "flexDirection": "row",
            "justifyContent": "center",
            "marginTop": 20,
            "paddingLeft": 2,
          }
        }
      >
        <Icon
          allowFontScaling={false}
          color="black"
          name="search"
          size={30}
          style={
            Object {
              "margin": 8,
            }
          }
        />
        <TextInput
          keyboardType="default"
          maxLength={50}
          onChangeText={[Function]}
          placeholder="Escola a pesquisar"
          returnKeyType="go"
          underlineColorAndroid="transparent"
          value=""
          width={280}
        />
      </View>
      <View
        style={
          Object {
            "borderColor": "gray",
            "borderRadius": 7,
            "borderWidth": 1,
            "marginTop": 15,
            "paddingLeft": 2,
          }
        }
      >
        <Picker
          mode="dialog"
          onValueChange={[Function]}
          selectedValue=""
        >
          <PickerItem
            color="#95a5a6"
            label="Escolha sua UF"
            value=""
          />
          <PickerItem
            label="DF"
            value="DF"
          />
        </Picker>
      </View>
    </View>
    <View
      style={
        Object {
          "borderColor": "black",
          "borderRadius": 7,
          "borderWidth": 1,
          "flex": 2.5,
          "justifyContent": "center",
          "width": 320,
        }
      }
    >
      <FlatList
        data={Array []}
        disableVirtualization={false}
        horizontal={false}
        initialNumToRender={10}
        keyExtractor={[Function]}
        maxToRenderPerBatch={10}
        numColumns={1}
        onEndReachedThreshold={2}
        renderItem={[Function]}
        scrollEventThrottle={50}
        updateCellsBatchingPeriod={50}
        windowSize={21}
      />
    </View>
    <View
      key="renderButton"
      style={
        Object {
          "flex": 1,
          "justifyContent": "flex-end",
          "paddingBottom": 20,
        }
      }
    >
      <TouchableOpacity
        activeOpacity={0.2}
        disabled={true}
        style={
          Object {
            "backgroundColor": "#DEDEDE",
            "borderRadius": 8,
            "borderWidth": 1,
            "marginBottom": 0,
            "marginTop": 50,
            "paddingHorizontal": 117,
            "paddingVertical": 15,
          }
        }
      >
        <Text
          accessible={true}
          allowFontScaling={true}
          disabled={false}
          ellipsizeMode="tail"
          style={
            Object {
              "color": "white",
              "fontSize": 20,
            }
          }
        >
          Pesquisar
        </Text>
      </TouchableOpacity>
    </View>
  </View>
</View>
`;
