// Jest Snapshot v1, https://goo.gl/fbAQLP

exports[`Testing StartPendingInspection Screen renders as expected 1`] = `
<StartExpiredInspection
  dispatch={[Function]}
  listOfExpiredScheduleInAGroup={
    Object {
      "codSchool": "",
      "date": "",
      "time": "",
    }
  }
/>
`;
