// Jest Snapshot v1, https://goo.gl/fbAQLP

exports[`Testing StockFoodCheckoutScreen renders as expected 1`] = `
<ScrollViewMock
  style={
    Object {
      "flex": 6,
      "flexDirection": "column",
      "marginBottom": 9,
    }
  }
>
  <Header
    backButton={true}
    subTitle="Estoque de alimento"
    title="Relatório"
  />
  <View>
    <View
      key="0"
      style={
        Object {
          "flexDirection": "row",
        }
      }
    >
      <CheckBox
        checked={null}
        checkedImage={1}
        containerStyle={
          Object {
            "flex": 1,
            "flexWrap": "wrap",
            "paddingLeft": 10,
            "paddingTop": 10,
          }
        }
        label=" "
        labelBefore={false}
        labelLines={1}
        onChange={[Function]}
        uncheckedImage={1}
        underlayColor="white"
      />
      <Text
        accessible={true}
        allowFontScaling={true}
        disabled={false}
        ellipsizeMode="tail"
        style={
          Object {
            "flex": 1,
            "paddingTop": 15,
          }
        }
      >
        Escola não possui Estoque de Alimentos
      </Text>
    </View>
    <View
      key="1"
      style={
        Object {
          "flexDirection": "row",
        }
      }
    >
      <CheckBox
        checked={null}
        checkedImage={1}
        containerStyle={
          Object {
            "flex": 1,
            "flexWrap": "wrap",
            "paddingLeft": 10,
            "paddingTop": 10,
          }
        }
        label=" "
        labelBefore={false}
        labelLines={1}
        onChange={[Function]}
        uncheckedImage={1}
        underlayColor="white"
      />
      <Text
        accessible={true}
        allowFontScaling={true}
        disabled={false}
        ellipsizeMode="tail"
        style={
          Object {
            "flex": 1,
            "paddingTop": 15,
          }
        }
      >
        Alimentos vencidos
      </Text>
    </View>
    <View
      key="2"
      style={
        Object {
          "flexDirection": "row",
        }
      }
    >
      <CheckBox
        checked={null}
        checkedImage={1}
        containerStyle={
          Object {
            "flex": 1,
            "flexWrap": "wrap",
            "paddingLeft": 10,
            "paddingTop": 10,
          }
        }
        label=" "
        labelBefore={false}
        labelLines={1}
        onChange={[Function]}
        uncheckedImage={1}
        underlayColor="white"
      />
      <Text
        accessible={true}
        allowFontScaling={true}
        disabled={false}
        ellipsizeMode="tail"
        style={
          Object {
            "flex": 1,
            "paddingTop": 15,
          }
        }
      >
        Embalagens roídas
      </Text>
    </View>
    <View
      key="3"
      style={
        Object {
          "flexDirection": "row",
        }
      }
    >
      <CheckBox
        checked={null}
        checkedImage={1}
        containerStyle={
          Object {
            "flex": 1,
            "flexWrap": "wrap",
            "paddingLeft": 10,
            "paddingTop": 10,
          }
        }
        label=" "
        labelBefore={false}
        labelLines={1}
        onChange={[Function]}
        uncheckedImage={1}
        underlayColor="white"
      />
      <Text
        accessible={true}
        allowFontScaling={true}
        disabled={false}
        ellipsizeMode="tail"
        style={
          Object {
            "flex": 1,
            "paddingTop": 15,
          }
        }
      >
        Insetos dentro das embalagens
      </Text>
    </View>
    <View
      key="4"
      style={
        Object {
          "flexDirection": "row",
        }
      }
    >
      <CheckBox
        checked={null}
        checkedImage={1}
        containerStyle={
          Object {
            "flex": 1,
            "flexWrap": "wrap",
            "paddingLeft": 10,
            "paddingTop": 10,
          }
        }
        label=" "
        labelBefore={false}
        labelLines={1}
        onChange={[Function]}
        uncheckedImage={1}
        underlayColor="white"
      />
      <Text
        accessible={true}
        allowFontScaling={true}
        disabled={false}
        ellipsizeMode="tail"
        style={
          Object {
            "flex": 1,
            "paddingTop": 15,
          }
        }
      >
        Alimentos em contato com o chão
      </Text>
    </View>
    <View
      key="5"
      style={
        Object {
          "flexDirection": "row",
        }
      }
    >
      <CheckBox
        checked={null}
        checkedImage={1}
        containerStyle={
          Object {
            "flex": 1,
            "flexWrap": "wrap",
            "paddingLeft": 10,
            "paddingTop": 10,
          }
        }
        label=" "
        labelBefore={false}
        labelLines={1}
        onChange={[Function]}
        uncheckedImage={1}
        underlayColor="white"
      />
      <Text
        accessible={true}
        allowFontScaling={true}
        disabled={false}
        ellipsizeMode="tail"
        style={
          Object {
            "flex": 1,
            "paddingTop": 15,
          }
        }
      >
        Alimentos dentro de caixas
      </Text>
    </View>
    <View
      key="6"
      style={
        Object {
          "flexDirection": "row",
        }
      }
    >
      <CheckBox
        checked={null}
        checkedImage={1}
        containerStyle={
          Object {
            "flex": 1,
            "flexWrap": "wrap",
            "paddingLeft": 10,
            "paddingTop": 10,
          }
        }
        label=" "
        labelBefore={false}
        labelLines={1}
        onChange={[Function]}
        uncheckedImage={1}
        underlayColor="white"
      />
      <Text
        accessible={true}
        allowFontScaling={true}
        disabled={false}
        ellipsizeMode="tail"
        style={
          Object {
            "flex": 1,
            "paddingTop": 15,
          }
        }
      >
        Produtos de limpeza junto aos alimentos
      </Text>
    </View>
    <View
      key="7"
      style={
        Object {
          "flexDirection": "row",
        }
      }
    >
      <CheckBox
        checked={null}
        checkedImage={1}
        containerStyle={
          Object {
            "flex": 1,
            "flexWrap": "wrap",
            "paddingLeft": 10,
            "paddingTop": 10,
          }
        }
        label=" "
        labelBefore={false}
        labelLines={1}
        onChange={[Function]}
        uncheckedImage={1}
        underlayColor="white"
      />
      <Text
        accessible={true}
        allowFontScaling={true}
        disabled={false}
        ellipsizeMode="tail"
        style={
          Object {
            "flex": 1,
            "paddingTop": 15,
          }
        }
      >
        Embalagens abertas
      </Text>
    </View>
    <View
      key="8"
      style={
        Object {
          "flexDirection": "row",
        }
      }
    >
      <CheckBox
        checked={null}
        checkedImage={1}
        containerStyle={
          Object {
            "flex": 1,
            "flexWrap": "wrap",
            "paddingLeft": 10,
            "paddingTop": 10,
          }
        }
        label=" "
        labelBefore={false}
        labelLines={1}
        onChange={[Function]}
        uncheckedImage={1}
        underlayColor="white"
      />
      <Text
        accessible={true}
        allowFontScaling={true}
        disabled={false}
        ellipsizeMode="tail"
        style={
          Object {
            "flex": 1,
            "paddingTop": 15,
          }
        }
      >
        Prateleiras enferrujadas
      </Text>
    </View>
    <View
      key="9"
      style={
        Object {
          "flexDirection": "row",
        }
      }
    >
      <CheckBox
        checked={null}
        checkedImage={1}
        containerStyle={
          Object {
            "flex": 1,
            "flexWrap": "wrap",
            "paddingLeft": 10,
            "paddingTop": 10,
          }
        }
        label=" "
        labelBefore={false}
        labelLines={1}
        onChange={[Function]}
        uncheckedImage={1}
        underlayColor="white"
      />
      <Text
        accessible={true}
        allowFontScaling={true}
        disabled={false}
        ellipsizeMode="tail"
        style={
          Object {
            "flex": 1,
            "paddingTop": 15,
          }
        }
      >
        Prateleiras encostadas na parede
      </Text>
    </View>
    <View
      key="10"
      style={
        Object {
          "flexDirection": "row",
        }
      }
    >
      <CheckBox
        checked={null}
        checkedImage={1}
        containerStyle={
          Object {
            "flex": 1,
            "flexWrap": "wrap",
            "paddingLeft": 10,
            "paddingTop": 10,
          }
        }
        label=" "
        labelBefore={false}
        labelLines={1}
        onChange={[Function]}
        uncheckedImage={1}
        underlayColor="white"
      />
      <Text
        accessible={true}
        allowFontScaling={true}
        disabled={false}
        ellipsizeMode="tail"
        style={
          Object {
            "flex": 1,
            "paddingTop": 15,
          }
        }
      >
        Local abafado
      </Text>
    </View>
    <View
      key="11"
      style={
        Object {
          "flexDirection": "row",
        }
      }
    >
      <CheckBox
        checked={null}
        checkedImage={1}
        containerStyle={
          Object {
            "flex": 1,
            "flexWrap": "wrap",
            "paddingLeft": 10,
            "paddingTop": 10,
          }
        }
        label=" "
        labelBefore={false}
        labelLines={1}
        onChange={[Function]}
        uncheckedImage={1}
        underlayColor="white"
      />
      <Text
        accessible={true}
        allowFontScaling={true}
        disabled={false}
        ellipsizeMode="tail"
        style={
          Object {
            "flex": 1,
            "paddingTop": 15,
          }
        }
      >
        Contato direto dos raios de sol com as embalagens
      </Text>
    </View>
    <View
      key="12"
      style={
        Object {
          "flexDirection": "row",
        }
      }
    >
      <CheckBox
        checked={null}
        checkedImage={1}
        containerStyle={
          Object {
            "flex": 1,
            "flexWrap": "wrap",
            "paddingLeft": 10,
            "paddingTop": 10,
          }
        }
        label=" "
        labelBefore={false}
        labelLines={1}
        onChange={[Function]}
        uncheckedImage={1}
        underlayColor="white"
      />
      <Text
        accessible={true}
        allowFontScaling={true}
        disabled={false}
        ellipsizeMode="tail"
        style={
          Object {
            "flex": 1,
            "paddingTop": 15,
          }
        }
      >
        Falta de controle de entrada de alimentos
      </Text>
    </View>
    <View
      key="13"
      style={
        Object {
          "flexDirection": "row",
        }
      }
    >
      <CheckBox
        checked={null}
        checkedImage={1}
        containerStyle={
          Object {
            "flex": 1,
            "flexWrap": "wrap",
            "paddingLeft": 10,
            "paddingTop": 10,
          }
        }
        label=" "
        labelBefore={false}
        labelLines={1}
        onChange={[Function]}
        uncheckedImage={1}
        underlayColor="white"
      />
      <Text
        accessible={true}
        allowFontScaling={true}
        disabled={false}
        ellipsizeMode="tail"
        style={
          Object {
            "flex": 1,
            "paddingTop": 15,
          }
        }
      >
        Falta de controle de saída de alimentos
      </Text>
    </View>
    <View
      key="14"
      style={
        Object {
          "flexDirection": "row",
        }
      }
    >
      <CheckBox
        checked={null}
        checkedImage={1}
        containerStyle={
          Object {
            "flex": 1,
            "flexWrap": "wrap",
            "paddingLeft": 10,
            "paddingTop": 10,
          }
        }
        label=" "
        labelBefore={false}
        labelLines={1}
        onChange={[Function]}
        uncheckedImage={1}
        underlayColor="white"
      />
      <Text
        accessible={true}
        allowFontScaling={true}
        disabled={false}
        ellipsizeMode="tail"
        style={
          Object {
            "flex": 1,
            "paddingTop": 15,
          }
        }
      >
        Telhado sem forro
      </Text>
    </View>
    <View
      key="15"
      style={
        Object {
          "flexDirection": "row",
        }
      }
    >
      <CheckBox
        checked={null}
        checkedImage={1}
        containerStyle={
          Object {
            "flex": 1,
            "flexWrap": "wrap",
            "paddingLeft": 10,
            "paddingTop": 10,
          }
        }
        label=" "
        labelBefore={false}
        labelLines={1}
        onChange={[Function]}
        uncheckedImage={1}
        underlayColor="white"
      />
      <Text
        accessible={true}
        allowFontScaling={true}
        disabled={false}
        ellipsizeMode="tail"
        style={
          Object {
            "flex": 1,
            "paddingTop": 15,
          }
        }
      >
        Telhado com furos
      </Text>
    </View>
    <View
      key="16"
      style={
        Object {
          "flexDirection": "row",
        }
      }
    >
      <CheckBox
        checked={null}
        checkedImage={1}
        containerStyle={
          Object {
            "flex": 1,
            "flexWrap": "wrap",
            "paddingLeft": 10,
            "paddingTop": 10,
          }
        }
        label=" "
        labelBefore={false}
        labelLines={1}
        onChange={[Function]}
        uncheckedImage={1}
        underlayColor="white"
      />
      <Text
        accessible={true}
        allowFontScaling={true}
        disabled={false}
        ellipsizeMode="tail"
        style={
          Object {
            "flex": 1,
            "paddingTop": 15,
          }
        }
      >
        Congelador sem termômetro
      </Text>
    </View>
    <View
      key="17"
      style={
        Object {
          "flexDirection": "row",
        }
      }
    >
      <CheckBox
        checked={null}
        checkedImage={1}
        containerStyle={
          Object {
            "flex": 1,
            "flexWrap": "wrap",
            "paddingLeft": 10,
            "paddingTop": 10,
          }
        }
        label=" "
        labelBefore={false}
        labelLines={1}
        onChange={[Function]}
        uncheckedImage={1}
        underlayColor="white"
      />
      <Text
        accessible={true}
        allowFontScaling={true}
        disabled={false}
        ellipsizeMode="tail"
        style={
          Object {
            "flex": 1,
            "paddingTop": 15,
          }
        }
      >
        Lixeiras destampadas
      </Text>
    </View>
    <View
      key="18"
      style={
        Object {
          "flexDirection": "row",
        }
      }
    >
      <CheckBox
        checked={null}
        checkedImage={1}
        containerStyle={
          Object {
            "flex": 1,
            "flexWrap": "wrap",
            "paddingLeft": 10,
            "paddingTop": 10,
          }
        }
        label=" "
        labelBefore={false}
        labelLines={1}
        onChange={[Function]}
        uncheckedImage={1}
        underlayColor="white"
      />
      <Text
        accessible={true}
        allowFontScaling={true}
        disabled={false}
        ellipsizeMode="tail"
        style={
          Object {
            "flex": 1,
            "paddingTop": 15,
          }
        }
      >
        Chão difícil de limpar
      </Text>
    </View>
    <View
      key="19"
      style={
        Object {
          "flexDirection": "row",
        }
      }
    >
      <CheckBox
        checked={null}
        checkedImage={1}
        containerStyle={
          Object {
            "flex": 1,
            "flexWrap": "wrap",
            "paddingLeft": 10,
            "paddingTop": 10,
          }
        }
        label=" "
        labelBefore={false}
        labelLines={1}
        onChange={[Function]}
        uncheckedImage={1}
        underlayColor="white"
      />
      <Text
        accessible={true}
        allowFontScaling={true}
        disabled={false}
        ellipsizeMode="tail"
        style={
          Object {
            "flex": 1,
            "paddingTop": 15,
          }
        }
      >
        Parede difícil de limpar
      </Text>
    </View>
    <View
      key="20"
      style={
        Object {
          "flexDirection": "row",
        }
      }
    >
      <CheckBox
        checked={null}
        checkedImage={1}
        containerStyle={
          Object {
            "flex": 1,
            "flexWrap": "wrap",
            "paddingLeft": 10,
            "paddingTop": 10,
          }
        }
        label=" "
        labelBefore={false}
        labelLines={1}
        onChange={[Function]}
        uncheckedImage={1}
        underlayColor="white"
      />
      <Text
        accessible={true}
        allowFontScaling={true}
        disabled={false}
        ellipsizeMode="tail"
        style={
          Object {
            "flex": 1,
            "paddingTop": 15,
          }
        }
      >
        Janelas sem tela de proteção
      </Text>
    </View>
    <View
      key="21"
      style={
        Object {
          "flexDirection": "row",
        }
      }
    >
      <CheckBox
        checked={null}
        checkedImage={1}
        containerStyle={
          Object {
            "flex": 1,
            "flexWrap": "wrap",
            "paddingLeft": 10,
            "paddingTop": 10,
          }
        }
        label=" "
        labelBefore={false}
        labelLines={1}
        onChange={[Function]}
        uncheckedImage={1}
        underlayColor="white"
      />
      <Text
        accessible={true}
        allowFontScaling={true}
        disabled={false}
        ellipsizeMode="tail"
        style={
          Object {
            "flex": 1,
            "paddingTop": 15,
          }
        }
      >
        Portas sem tela de proteção
      </Text>
    </View>
    <View
      key="22"
      style={
        Object {
          "flexDirection": "row",
        }
      }
    >
      <CheckBox
        checked={null}
        checkedImage={1}
        containerStyle={
          Object {
            "flex": 1,
            "flexWrap": "wrap",
            "paddingLeft": 10,
            "paddingTop": 10,
          }
        }
        label=" "
        labelBefore={false}
        labelLines={1}
        onChange={[Function]}
        uncheckedImage={1}
        underlayColor="white"
      />
      <Text
        accessible={true}
        allowFontScaling={true}
        disabled={false}
        ellipsizeMode="tail"
        style={
          Object {
            "flex": 1,
            "paddingTop": 15,
          }
        }
      >
        Portas sem rodapé
      </Text>
    </View>
    <View
      key="23"
      style={
        Object {
          "flexDirection": "row",
        }
      }
    >
      <CheckBox
        checked={null}
        checkedImage={1}
        containerStyle={
          Object {
            "flex": 1,
            "flexWrap": "wrap",
            "paddingLeft": 10,
            "paddingTop": 10,
          }
        }
        label=" "
        labelBefore={false}
        labelLines={1}
        onChange={[Function]}
        uncheckedImage={1}
        underlayColor="white"
      />
      <Text
        accessible={true}
        allowFontScaling={true}
        disabled={false}
        ellipsizeMode="tail"
        style={
          Object {
            "flex": 1,
            "paddingTop": 15,
          }
        }
      >
        Insetos sobrevoando o local
      </Text>
    </View>
    <View
      key="24"
      style={
        Object {
          "flexDirection": "row",
        }
      }
    >
      <CheckBox
        checked={null}
        checkedImage={1}
        containerStyle={
          Object {
            "flex": 1,
            "flexWrap": "wrap",
            "paddingLeft": 10,
            "paddingTop": 10,
          }
        }
        label=" "
        labelBefore={false}
        labelLines={1}
        onChange={[Function]}
        uncheckedImage={1}
        underlayColor="white"
      />
      <Text
        accessible={true}
        allowFontScaling={true}
        disabled={false}
        ellipsizeMode="tail"
        style={
          Object {
            "flex": 1,
            "paddingTop": 15,
          }
        }
      >
        Animais com livre circulação
      </Text>
    </View>
    <View
      key="25"
      style={
        Object {
          "flexDirection": "row",
        }
      }
    >
      <CheckBox
        checked={null}
        checkedImage={1}
        containerStyle={
          Object {
            "flex": 1,
            "flexWrap": "wrap",
            "paddingLeft": 10,
            "paddingTop": 10,
          }
        }
        label=" "
        labelBefore={false}
        labelLines={1}
        onChange={[Function]}
        uncheckedImage={1}
        underlayColor="white"
      />
      <Text
        accessible={true}
        allowFontScaling={true}
        disabled={false}
        ellipsizeMode="tail"
        style={
          Object {
            "flex": 1,
            "paddingTop": 15,
          }
        }
      >
        Ventilador de teto empoeirado
      </Text>
    </View>
    <View
      key="26"
      style={
        Object {
          "flexDirection": "row",
        }
      }
    >
      <CheckBox
        checked={null}
        checkedImage={1}
        containerStyle={
          Object {
            "flex": 1,
            "flexWrap": "wrap",
            "paddingLeft": 10,
            "paddingTop": 10,
          }
        }
        label=" "
        labelBefore={false}
        labelLines={1}
        onChange={[Function]}
        uncheckedImage={1}
        underlayColor="white"
      />
      <Text
        accessible={true}
        allowFontScaling={true}
        disabled={false}
        ellipsizeMode="tail"
        style={
          Object {
            "flex": 1,
            "paddingTop": 15,
          }
        }
      >
        Equipamentos sujos
      </Text>
    </View>
    <View
      key="27"
      style={
        Object {
          "flexDirection": "row",
        }
      }
    >
      <CheckBox
        checked={null}
        checkedImage={1}
        containerStyle={
          Object {
            "flex": 1,
            "flexWrap": "wrap",
            "paddingLeft": 10,
            "paddingTop": 10,
          }
        }
        label=" "
        labelBefore={false}
        labelLines={1}
        onChange={[Function]}
        uncheckedImage={1}
        underlayColor="white"
      />
      <Text
        accessible={true}
        allowFontScaling={true}
        disabled={false}
        ellipsizeMode="tail"
        style={
          Object {
            "flex": 1,
            "paddingTop": 15,
          }
        }
      >
        Local mal iluminado
      </Text>
    </View>
    <View
      key="28"
      style={
        Object {
          "flexDirection": "row",
        }
      }
    >
      <CheckBox
        checked={null}
        checkedImage={1}
        containerStyle={
          Object {
            "flex": 1,
            "flexWrap": "wrap",
            "paddingLeft": 10,
            "paddingTop": 10,
          }
        }
        label=" "
        labelBefore={false}
        labelLines={1}
        onChange={[Function]}
        uncheckedImage={1}
        underlayColor="white"
      />
      <Text
        accessible={true}
        allowFontScaling={true}
        disabled={false}
        ellipsizeMode="tail"
        style={
          Object {
            "flex": 1,
            "paddingTop": 15,
          }
        }
      >
        Local sujo
      </Text>
    </View>
    <View
      key="29"
      style={
        Object {
          "flexDirection": "row",
        }
      }
    >
      <CheckBox
        checked={null}
        checkedImage={1}
        containerStyle={
          Object {
            "flex": 1,
            "flexWrap": "wrap",
            "paddingLeft": 10,
            "paddingTop": 10,
          }
        }
        label=" "
        labelBefore={false}
        labelLines={1}
        onChange={[Function]}
        uncheckedImage={1}
        underlayColor="white"
      />
      <Text
        accessible={true}
        allowFontScaling={true}
        disabled={false}
        ellipsizeMode="tail"
        style={
          Object {
            "flex": 1,
            "paddingTop": 15,
          }
        }
      >
        Objetos que não sejam alimentos
      </Text>
    </View>
    <View
      key="30"
      style={
        Object {
          "flexDirection": "row",
        }
      }
    >
      <CheckBox
        checked={null}
        checkedImage={1}
        containerStyle={
          Object {
            "flex": 1,
            "flexWrap": "wrap",
            "paddingLeft": 10,
            "paddingTop": 10,
          }
        }
        label=" "
        labelBefore={false}
        labelLines={1}
        onChange={[Function]}
        uncheckedImage={1}
        underlayColor="white"
      />
      <Text
        accessible={true}
        allowFontScaling={true}
        disabled={false}
        ellipsizeMode="tail"
        style={
          Object {
            "flex": 1,
            "paddingTop": 15,
          }
        }
      >
        Lixo não é armazenado em local fechado
      </Text>
    </View>
  </View>
  <KeyboardAvoidingView
    behavior="padding"
    keyboardVerticalOffset={0}
  >
    <View
      style={
        Object {
          "paddingLeft": 10,
          "paddingRight": 10,
          "paddingTop": 30,
        }
      }
    >
      <TextInput
        multiline={true}
        onChangeText={[Function]}
        placeholder="Observações (opcional)"
        style={
          Object {
            "borderRadius": 12,
            "borderWidth": 1,
            "fontSize": 37.5,
            "height": 333.5,
            "paddingLeft": 10,
            "textAlignVertical": "top",
          }
        }
        underlineColorAndroid="transparent"
      />
    </View>
  </KeyboardAvoidingView>
  <TouchableOpacity
    activeOpacity={0.2}
    key="setObservation"
    onPress={[Function]}
    style={
      Object {
        "backgroundColor": "#FF9500",
        "borderRadius": 7,
        "borderWidth": 1,
        "justifyContent": "flex-end",
        "marginBottom": 20,
        "marginHorizontal": 15,
        "marginTop": 30,
        "paddingVertical": 10,
      }
    }
  >
    <Text
      accessible={true}
      allowFontScaling={true}
      disabled={false}
      ellipsizeMode="tail"
      style={
        Object {
          "color": "#FFF",
          "textAlign": "center",
        }
      }
    >
      Concluir
    </Text>
  </TouchableOpacity>
</ScrollViewMock>
`;
